
> trapp@0.1.0 test:app
> jest --testPathPattern=performance.test --verbose

  console.warn
    SafeAreaView has been deprecated and will be removed in a future release. Please use 'react-native-safe-area-context' instead. See https://github.com/th3rdwave/react-native-safe-area-context

    [0m [90m 379 |[39m
     [90m 380 |[39m   [36mreturn[39m (
    [31m[1m>[22m[39m[90m 381 |[39m     [33m<[39m[33mSafeAreaView[39m style[33m=[39m{styles[33m.[39mcontainer}[33m>[39m
     [90m     |[39m      [31m[1m^[22m[39m
     [90m 382 |[39m       [33m<[39m[33mText[39m style[33m=[39m{styles[33m.[39mtitle}[33m>[39m[33mLog[39m [33mWorkout[39m[33m<[39m[33m/[39m[33mText[39m[33m>[39m
     [90m 383 |[39m
     [90m 384 |[39m       [33m<[39m[33mFlatList[39m[0m

      at warn (node_modules/react-native/Libraries/Utilities/warnOnce.js:27:11)
      at Object.warnOnce [as SafeAreaView] (node_modules/react-native/index.js:92:5)
      at SafeAreaView (src/screens/LogScreen.tsx:381:6)
      at Object.react-stack-bottom-frame (node_modules/react-test-renderer/cjs/react-test-renderer.development.js:13976:20)
      at renderWithHooks (node_modules/react-test-renderer/cjs/react-test-renderer.development.js:2866:22)
      at updateFunctionComponent (node_modules/react-test-renderer/cjs/react-test-renderer.development.js:6006:19)
      at beginWork (node_modules/react-test-renderer/cjs/react-test-renderer.development.js:7474:18)
      at runWithFiberInDEV (node_modules/react-test-renderer/cjs/react-test-renderer.development.js:1574:13)
      at performUnitOfWork (node_modules/react-test-renderer/cjs/react-test-renderer.development.js:10972:22)
      at workLoopSync (node_modules/react-test-renderer/cjs/react-test-renderer.development.js:10816:41)
      at renderRootSync (node_modules/react-test-renderer/cjs/react-test-renderer.development.js:10797:11)
      at performWorkOnRoot (node_modules/react-test-renderer/cjs/react-test-renderer.development.js:10349:13)
      at performWorkOnRootViaSchedulerTask (node_modules/react-test-renderer/cjs/react-test-renderer.development.js:2094:7)
      at flushActQueue (node_modules/react/cjs/react.development.js:566:34)
      at Object.<anonymous>.process.env.NODE_ENV.exports.act (node_modules/react/cjs/react.development.js:859:10)
      at actImplementation (node_modules/@testing-library/react-native/src/act.ts:30:25)
      at renderWithAct (node_modules/@testing-library/react-native/src/render-act.ts:12:11)
      at renderInternal (node_modules/@testing-library/react-native/src/render.tsx:81:33)
      at renderInternal (node_modules/@testing-library/react-native/src/render.tsx:44:10)
      at Object.<anonymous> (__tests__/performance.test.tsx:63:13)
      at asyncGeneratorStep (node_modules/@babel/runtime/helpers/asyncToGenerator.js:3:17)
      at _next (node_modules/@babel/runtime/helpers/asyncToGenerator.js:17:9)
      at node_modules/@babel/runtime/helpers/asyncToGenerator.js:22:7
      at Object.<anonymous> (node_modules/@babel/runtime/helpers/asyncToGenerator.js:14:12)

FAIL __tests__/performance.test.tsx (40.569 s)
  Performance Tests - Quick Log
    × should complete quick log flow in under 10 seconds (CRITICAL) (15004 ms)
    × should save workout to storage in under 500ms (5005 ms)
    × should maintain UI responsiveness during save (5006 ms)
    × should complete strength workout log in under 10 seconds (15008 ms)

  ● Performance Tests - Quick Log › should complete quick log flow in under 10 seconds (CRITICAL)

    thrown: "Exceeded timeout of 15000 ms for a test.
    Add a timeout value to this test to increase the timeout, if this is a long-running test. See https://jestjs.io/docs/api#testname-fn-timeout."

    [0m [90m 55 |[39m [90m   * This includes: form load + data entry + save + confirmation[39m
     [90m 56 |[39m [90m   */[39m
    [31m[1m>[22m[39m[90m 57 |[39m   it(
     [90m    |[39m   [31m[1m^[22m[39m
     [90m 58 |[39m     [32m"should complete quick log flow in under 10 seconds (CRITICAL)"[39m[33m,[39m
     [90m 59 |[39m     [36masync[39m () [33m=>[39m {
     [90m 60 |[39m       [36mconst[39m startTime [33m=[39m [33mDate[39m[33m.[39mnow()[33m;[39m[0m

      at it (__tests__/performance.test.tsx:57:3)
      at Object.describe (__tests__/performance.test.tsx:37:1)

  ● Performance Tests - Quick Log › should save workout to storage in under 500ms

    thrown: "Exceeded timeout of 5000 ms for a test.
    Add a timeout value to this test to increase the timeout, if this is a long-running test. See https://jestjs.io/docs/api#testname-fn-timeout."

    [0m [90m 101 |[39m   )[33m;[39m
     [90m 102 |[39m
    [31m[1m>[22m[39m[90m 103 |[39m   it(
     [90m     |[39m   [31m[1m^[22m[39m
     [90m 104 |[39m     [32m"should save workout to storage in under 500ms"[39m[33m,[39m
     [90m 105 |[39m     [36masync[39m () [33m=>[39m {
     [90m 106 |[39m       [36mconst[39m startTime [33m=[39m [33mDate[39m[33m.[39mnow()[33m;[39m[0m

      at it (__tests__/performance.test.tsx:103:3)
      at Object.describe (__tests__/performance.test.tsx:37:1)

  ● Performance Tests - Quick Log › should maintain UI responsiveness during save

    thrown: "Exceeded timeout of 5000 ms for a test.
    Add a timeout value to this test to increase the timeout, if this is a long-running test. See https://jestjs.io/docs/api#testname-fn-timeout."

    [0m [90m 132 |[39m   )[33m;[39m
     [90m 133 |[39m
    [31m[1m>[22m[39m[90m 134 |[39m   it([32m"should maintain UI responsiveness during save"[39m[33m,[39m [36masync[39m () [33m=>[39m {
     [90m     |[39m   [31m[1m^[22m[39m
     [90m 135 |[39m     render([33m<[39m[33mLogScreen[39m [33m/[39m[33m>[39m)[33m;[39m
     [90m 136 |[39m
     [90m 137 |[39m     [36mawait[39m waitForAsync()[33m;[39m[0m

      at it (__tests__/performance.test.tsx:134:3)
      at Object.describe (__tests__/performance.test.tsx:37:1)

  ● Performance Tests - Quick Log › should complete strength workout log in under 10 seconds

    thrown: "Exceeded timeout of 15000 ms for a test.
    Add a timeout value to this test to increase the timeout, if this is a long-running test. See https://jestjs.io/docs/api#testname-fn-timeout."

    [0m [90m 154 |[39m   })[33m;[39m
     [90m 155 |[39m
    [31m[1m>[22m[39m[90m 156 |[39m   it(
     [90m     |[39m   [31m[1m^[22m[39m
     [90m 157 |[39m     [32m"should complete strength workout log in under 10 seconds"[39m[33m,[39m
     [90m 158 |[39m     [36masync[39m () [33m=>[39m {
     [90m 159 |[39m       [36mconst[39m startTime [33m=[39m [33mDate[39m[33m.[39mnow()[33m;[39m[0m

      at it (__tests__/performance.test.tsx:156:3)
      at Object.describe (__tests__/performance.test.tsx:37:1)

Test Suites: 1 failed, 1 total
Tests:       4 failed, 4 total
Snapshots:   0 total
Time:        40.648 s
Ran all test suites matching /performance.test/i.
