
> trapp@0.1.0 test:app
> jest

